// Vitest Snapshot v1, https://vitest.dev/guide/snapshot.html

exports[`'(1) JSX Assignment' > expectation 1`] = `
"//-----------------------------------------------------------------------------| printWidth=80 (in snapshot)
function Foo() {
  let elem = (
    <div
      className="lorem ipsum dolor sit amet consectetur adipiscing elit proin ex massa hendrerit
        eu posuere eu volutpat id neque pellentesque"
    >
      content
    </div>
  );
  elem = (
    <div
      className="lorem ipsum dolor sit amet consectetur adipiscing elit proin ex massa hendrerit
        eu posuere eu volutpat id neque pellentesque"
    >
      content
    </div>
  );
  return elem;
}
"
`;
