// Vitest Snapshot v1, https://vitest.dev/guide/snapshot.html

exports[`'short enough object key (no error in …' > expectation 1`] = `
"<!-- --------------------------------------------------------------------------| printWidth=80 (in snapshot) -->
<template>
  <div
    :class="{
      'bg-black': true,
    }"
  >
    Some text
  </div>
</template>
"
`;
