// Vitest Snapshot v1, https://vitest.dev/guide/snapshot.html

exports[`'example' > expectation 1`] = `
"/* --------------------------------------------------------| printWidth=60 (in snapshot) */
nav {
  ul {
    @apply lorem ipsum dolor sit amet consectetur adipiscing
      elit proin ex massa hendrerit eu posuere;
  }

  li {
    @apply lorem ipsum dolor sit amet consectetur adipiscing
      elit proin ex massa hendrerit eu posuere;
  }

  a {
    @apply lorem ipsum dolor sit amet consectetur adipiscing
      elit proin ex massa hendrerit eu posuere;
  }
}
"
`;
